###############################################################################
#
# IAR ELF Linker V8.32.1.169/W32 for ARM                  04/Dec/2023  23:19:24
# Copyright 2007-2018 IAR Systems AB.
#
#    Output file  =  
#        E:\Work\CodeGit\Openedv_STM32F103RCT6\Project\iar\Debug\Exe\Openedv_STM32F103RCT6.out
#    Map file     =  
#        E:\Work\CodeGit\Openedv_STM32F103RCT6\Project\iar\Debug\List\Openedv_STM32F103RCT6.map
#    Command line =  
#        -f C:\Users\ADMINI~1\AppData\Local\Temp\EWA8B5.tmp
#        (E:\Work\CodeGit\Openedv_STM32F103RCT6\Project\iar\Debug\Obj\app.o
#        E:\Work\CodeGit\Openedv_STM32F103RCT6\Project\iar\Debug\Obj\drv_delay.o
#        E:\Work\CodeGit\Openedv_STM32F103RCT6\Project\iar\Debug\Obj\drv_led.o
#        E:\Work\CodeGit\Openedv_STM32F103RCT6\Project\iar\Debug\Obj\drv_spi.o
#        E:\Work\CodeGit\Openedv_STM32F103RCT6\Project\iar\Debug\Obj\drv_usart.o
#        E:\Work\CodeGit\Openedv_STM32F103RCT6\Project\iar\Debug\Obj\drv_usart_poll.o
#        E:\Work\CodeGit\Openedv_STM32F103RCT6\Project\iar\Debug\Obj\main.o
#        E:\Work\CodeGit\Openedv_STM32F103RCT6\Project\iar\Debug\Obj\misc.o
#        E:\Work\CodeGit\Openedv_STM32F103RCT6\Project\iar\Debug\Obj\startup_stm32f10x_md.o
#        E:\Work\CodeGit\Openedv_STM32F103RCT6\Project\iar\Debug\Obj\stm32f10x_adc.o
#        E:\Work\CodeGit\Openedv_STM32F103RCT6\Project\iar\Debug\Obj\stm32f10x_bkp.o
#        E:\Work\CodeGit\Openedv_STM32F103RCT6\Project\iar\Debug\Obj\stm32f10x_can.o
#        E:\Work\CodeGit\Openedv_STM32F103RCT6\Project\iar\Debug\Obj\stm32f10x_cec.o
#        E:\Work\CodeGit\Openedv_STM32F103RCT6\Project\iar\Debug\Obj\stm32f10x_crc.o
#        E:\Work\CodeGit\Openedv_STM32F103RCT6\Project\iar\Debug\Obj\stm32f10x_dac.o
#        E:\Work\CodeGit\Openedv_STM32F103RCT6\Project\iar\Debug\Obj\stm32f10x_dbgmcu.o
#        E:\Work\CodeGit\Openedv_STM32F103RCT6\Project\iar\Debug\Obj\stm32f10x_dma.o
#        E:\Work\CodeGit\Openedv_STM32F103RCT6\Project\iar\Debug\Obj\stm32f10x_exti.o
#        E:\Work\CodeGit\Openedv_STM32F103RCT6\Project\iar\Debug\Obj\stm32f10x_flash.o
#        E:\Work\CodeGit\Openedv_STM32F103RCT6\Project\iar\Debug\Obj\stm32f10x_fsmc.o
#        E:\Work\CodeGit\Openedv_STM32F103RCT6\Project\iar\Debug\Obj\stm32f10x_gpio.o
#        E:\Work\CodeGit\Openedv_STM32F103RCT6\Project\iar\Debug\Obj\stm32f10x_i2c.o
#        E:\Work\CodeGit\Openedv_STM32F103RCT6\Project\iar\Debug\Obj\stm32f10x_iwdg.o
#        E:\Work\CodeGit\Openedv_STM32F103RCT6\Project\iar\Debug\Obj\stm32f10x_pwr.o
#        E:\Work\CodeGit\Openedv_STM32F103RCT6\Project\iar\Debug\Obj\stm32f10x_rcc.o
#        E:\Work\CodeGit\Openedv_STM32F103RCT6\Project\iar\Debug\Obj\stm32f10x_rtc.o
#        E:\Work\CodeGit\Openedv_STM32F103RCT6\Project\iar\Debug\Obj\stm32f10x_sdio.o
#        E:\Work\CodeGit\Openedv_STM32F103RCT6\Project\iar\Debug\Obj\stm32f10x_spi.o
#        E:\Work\CodeGit\Openedv_STM32F103RCT6\Project\iar\Debug\Obj\stm32f10x_tim.o
#        E:\Work\CodeGit\Openedv_STM32F103RCT6\Project\iar\Debug\Obj\stm32f10x_usart.o
#        E:\Work\CodeGit\Openedv_STM32F103RCT6\Project\iar\Debug\Obj\stm32f10x_wwdg.o
#        E:\Work\CodeGit\Openedv_STM32F103RCT6\Project\iar\Debug\Obj\sys.o
#        E:\Work\CodeGit\Openedv_STM32F103RCT6\Project\iar\Debug\Obj\system_stm32f10x.o
#        --no_out_extension -o
#        E:\Work\CodeGit\Openedv_STM32F103RCT6\Project\iar\Debug\Exe\Openedv_STM32F103RCT6.out
#        --map
#        E:\Work\CodeGit\Openedv_STM32F103RCT6\Project\iar\Debug\List\Openedv_STM32F103RCT6.map
#        --config "D:\Program Files (x86)\IAR Systems\Embedded Workbench
#        8.2\arm\config\linker\ST\stm32f103xC.icf" --semihosting --entry
#        __iar_program_start --vfe --text_out locale)
#
###############################################################################

*******************************************************************************
*** RUNTIME MODEL ATTRIBUTES
***

CppFlavor       = *
__SystemLibrary = DLib
__dlib_version  = 6


*******************************************************************************
*** HEAP SELECTION
***

The basic heap was selected because no calls to memory allocation
functions were found in the application outside of system library
functions, and there are calls to deallocation functions in the
application.


*******************************************************************************
*** PLACEMENT SUMMARY
***

"A0":  place at 0x800'0000 { ro section .intvec };
"P1":  place in [from 0x800'0000 to 0x803'ffff] { ro };
define block CSTACK with size = 4K, alignment = 8 { };
define block HEAP with size = 4K, alignment = 8 { };
"P2":  place in [from 0x2000'0000 to 0x2000'bfff] {
          rw, block CSTACK, block HEAP };
initialize by copy { rw };

  Section            Kind         Address    Size  Object
  -------            ----         -------    ----  ------
"A0":                                        0xec
  .intvec            ro code   0x800'0000    0xec  startup_stm32f10x_md.o [1]
                             - 0x800'00ec    0xec

"P1":                                       0x508
  .text              ro code   0x800'00ec   0x118  system_stm32f10x.o [1]
  .text              ro code   0x800'0204    0xd6  stm32f10x_gpio.o [1]
  .text              ro code   0x800'02dc    0x9c  drv_led.o [1]
  .text              ro code   0x800'0378    0x20  stm32f10x_rcc.o [1]
  .text              ro code   0x800'0398    0x78  drv_delay.o [1]
  .text              ro code   0x800'0410    0x20  misc.o [1]
  .text              ro code   0x800'0430    0x2c  copy_init3.o [3]
  .text              ro code   0x800'045c    0x28  data_init.o [3]
  .iar.init_table    const     0x800'0484    0x14  - Linker created -
  .text              ro code   0x800'0498    0x1e  cmain.o [3]
  .text              ro code   0x800'04b6     0x4  low_level_init.o [2]
  .text              ro code   0x800'04ba     0xe  main.o [1]
  .text              ro code   0x800'04c8     0x4  exit.o [2]
  .text              ro code   0x800'04cc    0x14  app.o [1]
  .text              ro code   0x800'04e0     0xa  cexit.o [3]
  .text              ro code   0x800'04ec    0x14  exit.o [4]
  .text              ro code   0x800'0500    0x10  startup_stm32f10x_md.o [1]
  .text              ro code   0x800'0510     0xc  cstartup_M.o [3]
  Initializer bytes  const     0x800'051c     0x8  <for P2-1>
  .text              ro code   0x800'0524     0x4  startup_stm32f10x_md.o [1]
  .text              ro code   0x800'0528     0x4  startup_stm32f10x_md.o [1]
  .text              ro code   0x800'052c     0x4  startup_stm32f10x_md.o [1]
  .text              ro code   0x800'0530     0x4  startup_stm32f10x_md.o [1]
  .text              ro code   0x800'0534     0x4  startup_stm32f10x_md.o [1]
  .text              ro code   0x800'0538     0x4  startup_stm32f10x_md.o [1]
  .text              ro code   0x800'053c     0x4  startup_stm32f10x_md.o [1]
  .text              ro code   0x800'0540     0x4  startup_stm32f10x_md.o [1]
  .text              ro code   0x800'0544     0x4  startup_stm32f10x_md.o [1]
  .text              ro code   0x800'0548     0x4  startup_stm32f10x_md.o [1]
  .text              ro code   0x800'054c     0x4  startup_stm32f10x_md.o [1]
  .text              ro code   0x800'0550     0x4  startup_stm32f10x_md.o [1]
  .text              ro code   0x800'0554     0x4  startup_stm32f10x_md.o [1]
  .text              ro code   0x800'0558     0x4  startup_stm32f10x_md.o [1]
  .text              ro code   0x800'055c     0x4  startup_stm32f10x_md.o [1]
  .text              ro code   0x800'0560     0x4  startup_stm32f10x_md.o [1]
  .text              ro code   0x800'0564     0x4  startup_stm32f10x_md.o [1]
  .text              ro code   0x800'0568     0x4  startup_stm32f10x_md.o [1]
  .text              ro code   0x800'056c     0x4  startup_stm32f10x_md.o [1]
  .text              ro code   0x800'0570     0x4  startup_stm32f10x_md.o [1]
  .text              ro code   0x800'0574     0x4  startup_stm32f10x_md.o [1]
  .text              ro code   0x800'0578     0x4  startup_stm32f10x_md.o [1]
  .text              ro code   0x800'057c     0x4  startup_stm32f10x_md.o [1]
  .text              ro code   0x800'0580     0x4  startup_stm32f10x_md.o [1]
  .text              ro code   0x800'0584     0x4  startup_stm32f10x_md.o [1]
  .text              ro code   0x800'0588     0x4  startup_stm32f10x_md.o [1]
  .text              ro code   0x800'058c     0x4  startup_stm32f10x_md.o [1]
  .text              ro code   0x800'0590     0x4  startup_stm32f10x_md.o [1]
  .text              ro code   0x800'0594     0x4  startup_stm32f10x_md.o [1]
  .text              ro code   0x800'0598     0x4  startup_stm32f10x_md.o [1]
  .text              ro code   0x800'059c     0x4  startup_stm32f10x_md.o [1]
  .text              ro code   0x800'05a0     0x4  startup_stm32f10x_md.o [1]
  .text              ro code   0x800'05a4     0x4  startup_stm32f10x_md.o [1]
  .text              ro code   0x800'05a8     0x4  startup_stm32f10x_md.o [1]
  .text              ro code   0x800'05ac     0x4  startup_stm32f10x_md.o [1]
  .text              ro code   0x800'05b0     0x4  startup_stm32f10x_md.o [1]
  .text              ro code   0x800'05b4     0x4  startup_stm32f10x_md.o [1]
  .text              ro code   0x800'05b8     0x4  startup_stm32f10x_md.o [1]
  .text              ro code   0x800'05bc     0x4  startup_stm32f10x_md.o [1]
  .text              ro code   0x800'05c0     0x4  startup_stm32f10x_md.o [1]
  .text              ro code   0x800'05c4     0x4  startup_stm32f10x_md.o [1]
  .text              ro code   0x800'05c8     0x4  startup_stm32f10x_md.o [1]
  .text              ro code   0x800'05cc     0x4  startup_stm32f10x_md.o [1]
  .text              ro code   0x800'05d0     0x4  startup_stm32f10x_md.o [1]
  .text              ro code   0x800'05d4     0x4  startup_stm32f10x_md.o [1]
  .text              ro code   0x800'05d8     0x4  startup_stm32f10x_md.o [1]
  .text              ro code   0x800'05dc     0x4  startup_stm32f10x_md.o [1]
  .text              ro code   0x800'05e0     0x4  startup_stm32f10x_md.o [1]
  .text              ro code   0x800'05e4     0x4  startup_stm32f10x_md.o [1]
  .text              ro code   0x800'05e8     0x4  startup_stm32f10x_md.o [1]
  .text              ro code   0x800'05ec     0x4  startup_stm32f10x_md.o [1]
  .text              ro code   0x800'05f0     0x4  startup_stm32f10x_md.o [1]
  .rodata            const     0x800'05f4     0x0  copy_init3.o [3]
                             - 0x800'05f4   0x508

"P2", part 1 of 2:                            0x8
  P2-1                        0x2000'0000     0x7  <Init block>
    .data            inited   0x2000'0000     0x4  system_stm32f10x.o [1]
    .bss             inited   0x2000'0004     0x2  drv_delay.o [1]
    .bss             inited   0x2000'0006     0x1  drv_delay.o [1]
                            - 0x2000'0007     0x7

"P2", part 2 of 2:                         0x1000
  CSTACK                      0x2000'0008  0x1000  <Block>
    CSTACK           uninit   0x2000'0008  0x1000  <Block tail>
                            - 0x2000'1008  0x1000

Unused ranges:

         From           To      Size
         ----           --      ----
   0x800'05f4   0x803'ffff  0x3'fa0c
  0x2000'1008  0x2000'bfff    0xaff8


*******************************************************************************
*** INIT TABLE
***

          Address      Size
          -------      ----
Copy (__iar_copy_init3)
    1 source range, total size 0x8 (114% of destination):
           0x800'051c   0x8
    1 destination range, total size 0x7:
          0x2000'0000   0x7



*******************************************************************************
*** MODULE SUMMARY
***

    Module                  ro code  ro data  rw data
    ------                  -------  -------  -------
command line/config:
    -------------------------------------------------
    Total:

E:\Work\CodeGit\Openedv_STM32F103RCT6\Project\iar\Debug\Obj: [1]
    app.o                        20
    drv_delay.o                 120        3        3
    drv_led.o                   156
    main.o                       14
    misc.o                       32
    startup_stm32f10x_md.o      460
    stm32f10x_gpio.o            214
    stm32f10x_rcc.o              32
    system_stm32f10x.o          280        4        4
    -------------------------------------------------
    Total:                    1 328        7        7

dl7M_tlf.a: [2]
    exit.o                        4
    low_level_init.o              4
    -------------------------------------------------
    Total:                        8

rt7M_tl.a: [3]
    cexit.o                      10
    cmain.o                      30
    copy_init3.o                 44
    cstartup_M.o                 12
    data_init.o                  40
    -------------------------------------------------
    Total:                      136

shb_l.a: [4]
    exit.o                       20
    -------------------------------------------------
    Total:                       20

    Gaps                          4
    Linker created                        21    4 096
-----------------------------------------------------
    Grand Total:              1 496       28    4 103


*******************************************************************************
*** ENTRY LIST
***

Entry                       Address  Size  Type      Object
-----                       -------  ----  ----      ------
.iar.init_table$$Base    0x800'0484         --   Gb  - Linker created -
.iar.init_table$$Limit   0x800'0498         --   Gb  - Linker created -
?main                    0x800'0499        Code  Gb  cmain.o [3]
App_Init                 0x800'04cd   0xc  Code  Gb  app.o [1]
App_Run                  0x800'04d9   0x8  Code  Gb  app.o [1]
CSTACK$$Base            0x2000'0008         --   Gb  - Linker created -
CSTACK$$Limit           0x2000'1008         --   Gb  - Linker created -
GPIO_Init                0x800'0205  0xca  Code  Gb  stm32f10x_gpio.o [1]
GPIO_ResetBits           0x800'02d5   0x6  Code  Gb  stm32f10x_gpio.o [1]
GPIO_SetBits             0x800'02cf   0x6  Code  Gb  stm32f10x_gpio.o [1]
RCC_APB2PeriphClockCmd   0x800'0379  0x1c  Code  Gb  stm32f10x_rcc.o [1]
Region$$Table$$Base      0x800'0484         --   Gb  - Linker created -
Region$$Table$$Limit     0x800'0498         --   Gb  - Linker created -
SetSysClock              0x800'0131   0x8  Code  Lc  system_stm32f10x.o [1]
SetSysClockTo72          0x800'0139  0xae  Code  Lc  system_stm32f10x.o [1]
SysTick_CLKSourceConfig
                         0x800'0411  0x1c  Code  Gb  misc.o [1]
SystemCoreClock         0x2000'0000   0x4  Data  Gb  system_stm32f10x.o [1]
SystemInit               0x800'00ed  0x44  Code  Gb  system_stm32f10x.o [1]
__cmain                  0x800'0499        Code  Gb  cmain.o [3]
__exit                   0x800'04ed  0x14  Code  Gb  exit.o [4]
__iar_copy_init3         0x800'0431  0x2c  Code  Gb  copy_init3.o [3]
__iar_data_init3         0x800'045d  0x28  Code  Gb  data_init.o [3]
__iar_program_start      0x800'0511        Code  Gb  cstartup_M.o [3]
__low_level_init         0x800'04b7   0x4  Code  Gb  low_level_init.o [2]
__vector_table           0x800'0000        Data  Gb  startup_stm32f10x_md.o [1]
_call_main               0x800'04a5        Code  Gb  cmain.o [3]
_exit                    0x800'04e1        Code  Gb  cexit.o [3]
_main                    0x800'04b3        Code  Gb  cmain.o [3]
delay_init               0x800'0399  0x26  Code  Gb  drv_delay.o [1]
delay_ms                 0x800'03bf  0x34  Code  Gb  drv_delay.o [1]
exit                     0x800'04c9   0x4  Code  Gb  exit.o [2]
fac_ms                  0x2000'0004   0x2  Data  Lc  drv_delay.o [1]
fac_us                  0x2000'0006   0x1  Data  Lc  drv_delay.o [1]
led_init                 0x800'02dd  0x58  Code  Gb  drv_led.o [1]
led_set                  0x800'0335  0x3c  Code  Gb  drv_led.o [1]
main                     0x800'04bb   0xe  Code  Gb  main.o [1]


[1] = E:\Work\CodeGit\Openedv_STM32F103RCT6\Project\iar\Debug\Obj
[2] = dl7M_tlf.a
[3] = rt7M_tl.a
[4] = shb_l.a

  1 496 bytes of readonly  code memory
     28 bytes of readonly  data memory
  4 103 bytes of readwrite data memory

Errors: none
Warnings: none
